::1 - - [23/May/2026:11:21:50 +0000] "GET / HTTP/1.1" 200 13022 "-" "Mozilla/5.0 (Windows NT 10.0; Win64; x64) AppleWebKit/537.36 (KHTML, like Gecko) Code/1.121.0 Chrome/142.0.7444.265 Electron/39.8.8 Safari/537.36"
::1 - - [23/May/2026:11:21:50 +0000] "GET /logo.svg HTTP/1.1" 304 - "http://localhost:3000/" "Mozilla/5.0 (Windows NT 10.0; Win64; x64) AppleWebKit/537.36 (KHTML, like Gecko) Code/1.121.0 Chrome/142.0.7444.265 Electron/39.8.8 Safari/537.36"
::1 - - [23/May/2026:11:21:50 +0000] "GET /nature_sample.svg HTTP/1.1" 304 - "http://localhost:3000/" "Mozilla/5.0 (Windows NT 10.0; Win64; x64) AppleWebKit/537.36 (KHTML, like Gecko) Code/1.121.0 Chrome/142.0.7444.265 Electron/39.8.8 Safari/537.36"
::1 - - [23/May/2026:11:21:50 +0000] "GET /styles.css?v=5 HTTP/1.1" 200 13475 "http://localhost:3000/" "Mozilla/5.0 (Windows NT 10.0; Win64; x64) AppleWebKit/537.36 (KHTML, like Gecko) Code/1.121.0 Chrome/142.0.7444.265 Electron/39.8.8 Safari/537.36"
::1 - - [23/May/2026:11:21:50 +0000] "GET /script.js?v=4 HTTP/1.1" 200 15369 "http://localhost:3000/" "Mozilla/5.0 (Windows NT 10.0; Win64; x64) AppleWebKit/537.36 (KHTML, like Gecko) Code/1.121.0 Chrome/142.0.7444.265 Electron/39.8.8 Safari/537.36"
::1 - - [23/May/2026:11:21:50 +0000] "GET /api/tips HTTP/1.1" 304 - "http://localhost:3000/" "Mozilla/5.0 (Windows NT 10.0; Win64; x64) AppleWebKit/537.36 (KHTML, like Gecko) Code/1.121.0 Chrome/142.0.7444.265 Electron/39.8.8 Safari/537.36"
::1 - - [23/May/2026:11:21:50 +0000] "GET /api/history HTTP/1.1" 304 - "http://localhost:3000/" "Mozilla/5.0 (Windows NT 10.0; Win64; x64) AppleWebKit/537.36 (KHTML, like Gecko) Code/1.121.0 Chrome/142.0.7444.265 Electron/39.8.8 Safari/537.36"
::1 - - [23/May/2026:11:21:54 +0000] "GET / HTTP/1.1" 304 - "-" "Mozilla/5.0 (Windows NT 10.0; Win64; x64) AppleWebKit/537.36 (KHTML, like Gecko) Code/1.121.0 Chrome/142.0.7444.265 Electron/39.8.8 Safari/537.36"
::1 - - [23/May/2026:11:21:55 +0000] "GET /styles.css?v=5 HTTP/1.1" 304 - "http://localhost:3000/" "Mozilla/5.0 (Windows NT 10.0; Win64; x64) AppleWebKit/537.36 (KHTML, like Gecko) Code/1.121.0 Chrome/142.0.7444.265 Electron/39.8.8 Safari/537.36"
::1 - - [23/May/2026:11:21:55 +0000] "GET /logo.svg HTTP/1.1" 304 - "http://localhost:3000/" "Mozilla/5.0 (Windows NT 10.0; Win64; x64) AppleWebKit/537.36 (KHTML, like Gecko) Code/1.121.0 Chrome/142.0.7444.265 Electron/39.8.8 Safari/537.36"
::1 - - [23/May/2026:11:21:55 +0000] "GET /nature_sample.svg HTTP/1.1" 304 - "http://localhost:3000/" "Mozilla/5.0 (Windows NT 10.0; Win64; x64) AppleWebKit/537.36 (KHTML, like Gecko) Code/1.121.0 Chrome/142.0.7444.265 Electron/39.8.8 Safari/537.36"
::1 - - [23/May/2026:11:21:55 +0000] "GET /script.js?v=4 HTTP/1.1" 304 - "http://localhost:3000/" "Mozilla/5.0 (Windows NT 10.0; Win64; x64) AppleWebKit/537.36 (KHTML, like Gecko) Code/1.121.0 Chrome/142.0.7444.265 Electron/39.8.8 Safari/537.36"
::1 - - [23/May/2026:11:21:55 +0000] "GET /api/tips HTTP/1.1" 304 - "http://localhost:3000/" "Mozilla/5.0 (Windows NT 10.0; Win64; x64) AppleWebKit/537.36 (KHTML, like Gecko) Code/1.121.0 Chrome/142.0.7444.265 Electron/39.8.8 Safari/537.36"
::1 - - [23/May/2026:11:21:55 +0000] "GET /api/history HTTP/1.1" 304 - "http://localhost:3000/" "Mozilla/5.0 (Windows NT 10.0; Win64; x64) AppleWebKit/537.36 (KHTML, like Gecko) Code/1.121.0 Chrome/142.0.7444.265 Electron/39.8.8 Safari/537.36"
::1 - - [23/May/2026:11:22:15 +0000] "POST /api/upload HTTP/1.1" 200 428 "http://localhost:3000/" "Mozilla/5.0 (Windows NT 10.0; Win64; x64) AppleWebKit/537.36 (KHTML, like Gecko) Code/1.121.0 Chrome/142.0.7444.265 Electron/39.8.8 Safari/537.36"
::1 - - [23/May/2026:11:22:25 +0000] "POST /api/clean HTTP/1.1" 200 5513456 "http://localhost:3000/" "Mozilla/5.0 (Windows NT 10.0; Win64; x64) AppleWebKit/537.36 (KHTML, like Gecko) Code/1.121.0 Chrome/142.0.7444.265 Electron/39.8.8 Safari/537.36"
::1 - - [23/May/2026:11:22:45 +0000] "POST /api/upload HTTP/1.1" 200 435 "http://localhost:3000/" "Mozilla/5.0 (Windows NT 10.0; Win64; x64) AppleWebKit/537.36 (KHTML, like Gecko) Code/1.121.0 Chrome/142.0.7444.265 Electron/39.8.8 Safari/537.36"
::1 - - [23/May/2026:11:26:26 +0000] "GET / HTTP/1.1" 200 12841 "-" "Mozilla/5.0 (Windows NT 10.0; Win64; x64) AppleWebKit/537.36 (KHTML, like Gecko) Code/1.121.0 Chrome/142.0.7444.265 Electron/39.8.8 Safari/537.36"
::1 - - [23/May/2026:11:26:26 +0000] "GET /logo.svg HTTP/1.1" 304 - "http://localhost:3000/" "Mozilla/5.0 (Windows NT 10.0; Win64; x64) AppleWebKit/537.36 (KHTML, like Gecko) Code/1.121.0 Chrome/142.0.7444.265 Electron/39.8.8 Safari/537.36"
::1 - - [23/May/2026:11:26:26 +0000] "GET /nature_sample.svg HTTP/1.1" 304 - "http://localhost:3000/" "Mozilla/5.0 (Windows NT 10.0; Win64; x64) AppleWebKit/537.36 (KHTML, like Gecko) Code/1.121.0 Chrome/142.0.7444.265 Electron/39.8.8 Safari/537.36"
::1 - - [23/May/2026:11:26:26 +0000] "GET /styles.css?v=5 HTTP/1.1" 200 13981 "http://localhost:3000/" "Mozilla/5.0 (Windows NT 10.0; Win64; x64) AppleWebKit/537.36 (KHTML, like Gecko) Code/1.121.0 Chrome/142.0.7444.265 Electron/39.8.8 Safari/537.36"
::1 - - [23/May/2026:11:26:26 +0000] "GET /assets/security_shield.svg HTTP/1.1" 200 512 "http://localhost:3000/" "Mozilla/5.0 (Windows NT 10.0; Win64; x64) AppleWebKit/537.36 (KHTML, like Gecko) Code/1.121.0 Chrome/142.0.7444.265 Electron/39.8.8 Safari/537.36"
::1 - - [23/May/2026:11:26:26 +0000] "GET /assets/lock_camera.svg HTTP/1.1" 200 353 "http://localhost:3000/" "Mozilla/5.0 (Windows NT 10.0; Win64; x64) AppleWebKit/537.36 (KHTML, like Gecko) Code/1.121.0 Chrome/142.0.7444.265 Electron/39.8.8 Safari/537.36"
::1 - - [23/May/2026:11:26:26 +0000] "GET /script.js?v=4 HTTP/1.1" 304 - "http://localhost:3000/" "Mozilla/5.0 (Windows NT 10.0; Win64; x64) AppleWebKit/537.36 (KHTML, like Gecko) Code/1.121.0 Chrome/142.0.7444.265 Electron/39.8.8 Safari/537.36"
::1 - - [23/May/2026:11:26:26 +0000] "GET /api/tips HTTP/1.1" 304 - "http://localhost:3000/" "Mozilla/5.0 (Windows NT 10.0; Win64; x64) AppleWebKit/537.36 (KHTML, like Gecko) Code/1.121.0 Chrome/142.0.7444.265 Electron/39.8.8 Safari/537.36"
::1 - - [23/May/2026:11:26:26 +0000] "GET /api/history HTTP/1.1" 200 1418 "http://localhost:3000/" "Mozilla/5.0 (Windows NT 10.0; Win64; x64) AppleWebKit/537.36 (KHTML, like Gecko) Code/1.121.0 Chrome/142.0.7444.265 Electron/39.8.8 Safari/537.36"
::1 - - [23/May/2026:11:26:39 +0000] "POST /api/upload HTTP/1.1" 200 407 "http://localhost:3000/" "Mozilla/5.0 (Windows NT 10.0; Win64; x64) AppleWebKit/537.36 (KHTML, like Gecko) Code/1.121.0 Chrome/142.0.7444.265 Electron/39.8.8 Safari/537.36"
::1 - - [23/May/2026:11:26:47 +0000] "POST /api/clean HTTP/1.1" 200 20120 "http://localhost:3000/" "Mozilla/5.0 (Windows NT 10.0; Win64; x64) AppleWebKit/537.36 (KHTML, like Gecko) Code/1.121.0 Chrome/142.0.7444.265 Electron/39.8.8 Safari/537.36"
::1 - - [23/May/2026:11:35:42 +0000] "GET / HTTP/1.1" 304 - "-" "Mozilla/5.0 (Windows NT 10.0; Win64; x64) AppleWebKit/537.36 (KHTML, like Gecko) Code/1.121.0 Chrome/142.0.7444.265 Electron/39.8.8 Safari/537.36"
::1 - - [23/May/2026:11:35:42 +0000] "GET /styles.css?v=5 HTTP/1.1" 304 - "http://localhost:3000/" "Mozilla/5.0 (Windows NT 10.0; Win64; x64) AppleWebKit/537.36 (KHTML, like Gecko) Code/1.121.0 Chrome/142.0.7444.265 Electron/39.8.8 Safari/537.36"
::1 - - [23/May/2026:11:35:42 +0000] "GET /nature_sample.svg HTTP/1.1" 304 - "http://localhost:3000/" "Mozilla/5.0 (Windows NT 10.0; Win64; x64) AppleWebKit/537.36 (KHTML, like Gecko) Code/1.121.0 Chrome/142.0.7444.265 Electron/39.8.8 Safari/537.36"
::1 - - [23/May/2026:11:35:42 +0000] "GET /logo.svg HTTP/1.1" 304 - "http://localhost:3000/" "Mozilla/5.0 (Windows NT 10.0; Win64; x64) AppleWebKit/537.36 (KHTML, like Gecko) Code/1.121.0 Chrome/142.0.7444.265 Electron/39.8.8 Safari/537.36"
::1 - - [23/May/2026:11:35:42 +0000] "GET /script.js?v=4 HTTP/1.1" 304 - "http://localhost:3000/" "Mozilla/5.0 (Windows NT 10.0; Win64; x64) AppleWebKit/537.36 (KHTML, like Gecko) Code/1.121.0 Chrome/142.0.7444.265 Electron/39.8.8 Safari/537.36"
::1 - - [23/May/2026:11:35:42 +0000] "GET /assets/security_shield.svg HTTP/1.1" 304 - "http://localhost:3000/" "Mozilla/5.0 (Windows NT 10.0; Win64; x64) AppleWebKit/537.36 (KHTML, like Gecko) Code/1.121.0 Chrome/142.0.7444.265 Electron/39.8.8 Safari/537.36"
::1 - - [23/May/2026:11:35:42 +0000] "GET /assets/lock_camera.svg HTTP/1.1" 304 - "http://localhost:3000/" "Mozilla/5.0 (Windows NT 10.0; Win64; x64) AppleWebKit/537.36 (KHTML, like Gecko) Code/1.121.0 Chrome/142.0.7444.265 Electron/39.8.8 Safari/537.36"
::1 - - [23/May/2026:11:35:42 +0000] "GET /api/tips HTTP/1.1" 304 - "http://localhost:3000/" "Mozilla/5.0 (Windows NT 10.0; Win64; x64) AppleWebKit/537.36 (KHTML, like Gecko) Code/1.121.0 Chrome/142.0.7444.265 Electron/39.8.8 Safari/537.36"
::1 - - [23/May/2026:11:35:42 +0000] "GET /api/history HTTP/1.1" 200 1423 "http://localhost:3000/" "Mozilla/5.0 (Windows NT 10.0; Win64; x64) AppleWebKit/537.36 (KHTML, like Gecko) Code/1.121.0 Chrome/142.0.7444.265 Electron/39.8.8 Safari/537.36"
::1 - - [23/May/2026:11:39:10 +0000] "GET / HTTP/1.1" 200 15634 "-" "Mozilla/5.0 (Windows NT 10.0; Win64; x64) AppleWebKit/537.36 (KHTML, like Gecko) Code/1.121.0 Chrome/142.0.7444.265 Electron/39.8.8 Safari/537.36"
::1 - - [23/May/2026:11:39:10 +0000] "GET /logo.svg HTTP/1.1" 304 - "http://localhost:3000/" "Mozilla/5.0 (Windows NT 10.0; Win64; x64) AppleWebKit/537.36 (KHTML, like Gecko) Code/1.121.0 Chrome/142.0.7444.265 Electron/39.8.8 Safari/537.36"
::1 - - [23/May/2026:11:39:10 +0000] "GET /nature_sample.svg HTTP/1.1" 304 - "http://localhost:3000/" "Mozilla/5.0 (Windows NT 10.0; Win64; x64) AppleWebKit/537.36 (KHTML, like Gecko) Code/1.121.0 Chrome/142.0.7444.265 Electron/39.8.8 Safari/537.36"
::1 - - [23/May/2026:11:39:10 +0000] "GET /styles.css?v=5 HTTP/1.1" 200 15204 "http://localhost:3000/" "Mozilla/5.0 (Windows NT 10.0; Win64; x64) AppleWebKit/537.36 (KHTML, like Gecko) Code/1.121.0 Chrome/142.0.7444.265 Electron/39.8.8 Safari/537.36"
::1 - - [23/May/2026:11:39:10 +0000] "GET /assets/security_shield.svg HTTP/1.1" 304 - "http://localhost:3000/" "Mozilla/5.0 (Windows NT 10.0; Win64; x64) AppleWebKit/537.36 (KHTML, like Gecko) Code/1.121.0 Chrome/142.0.7444.265 Electron/39.8.8 Safari/537.36"
::1 - - [23/May/2026:11:39:10 +0000] "GET /assets/lock_camera.svg HTTP/1.1" 304 - "http://localhost:3000/" "Mozilla/5.0 (Windows NT 10.0; Win64; x64) AppleWebKit/537.36 (KHTML, like Gecko) Code/1.121.0 Chrome/142.0.7444.265 Electron/39.8.8 Safari/537.36"
::1 - - [23/May/2026:11:39:10 +0000] "GET /script.js?v=4 HTTP/1.1" 200 17286 "http://localhost:3000/" "Mozilla/5.0 (Windows NT 10.0; Win64; x64) AppleWebKit/537.36 (KHTML, like Gecko) Code/1.121.0 Chrome/142.0.7444.265 Electron/39.8.8 Safari/537.36"
::1 - - [23/May/2026:11:39:11 +0000] "GET /api/tips HTTP/1.1" 304 - "http://localhost:3000/" "Mozilla/5.0 (Windows NT 10.0; Win64; x64) AppleWebKit/537.36 (KHTML, like Gecko) Code/1.121.0 Chrome/142.0.7444.265 Electron/39.8.8 Safari/537.36"
::1 - - [23/May/2026:11:39:11 +0000] "GET /api/history HTTP/1.1" 304 - "http://localhost:3000/" "Mozilla/5.0 (Windows NT 10.0; Win64; x64) AppleWebKit/537.36 (KHTML, like Gecko) Code/1.121.0 Chrome/142.0.7444.265 Electron/39.8.8 Safari/537.36"
::1 - - [24/May/2026:11:00:46 +0000] "GET /api/tips HTTP/1.1" 200 678 "-" "Mozilla/5.0 (Windows NT; Windows NT 10.0; en-IN) WindowsPowerShell/5.1.22621.4391"
::1 - - [24/May/2026:11:00:50 +0000] "GET /api/history HTTP/1.1" 200 1423 "-" "Mozilla/5.0 (Windows NT; Windows NT 10.0; en-IN) WindowsPowerShell/5.1.22621.4391"
::1 - - [24/May/2026:11:03:13 +0000] "GET /assets/test.pdf HTTP/1.1" 200 440 "-" "Mozilla/5.0 (Windows NT; Windows NT 10.0; en-IN) WindowsPowerShell/5.1.22621.4391"
::1 - - [24/May/2026:11:03:47 +0000] "POST /api/upload HTTP/1.1" 200 321 "-" "curl/8.12.1"
::1 - - [24/May/2026:11:06:32 +0000] "GET /api/history HTTP/1.1" 200 1420 "-" "Mozilla/5.0 (Windows NT 10.0; Win64; x64) AppleWebKit/537.36 (KHTML, like Gecko) Code/1.121.0 Chrome/142.0.7444.265 Electron/39.8.8 Safari/537.36"
::1 - - [24/May/2026:11:06:32 +0000] "GET /api/tips HTTP/1.1" 304 - "-" "Mozilla/5.0 (Windows NT 10.0; Win64; x64) AppleWebKit/537.36 (KHTML, like Gecko) Code/1.121.0 Chrome/142.0.7444.265 Electron/39.8.8 Safari/537.36"
::1 - - [24/May/2026:11:06:58 +0000] "POST /api/upload HTTP/1.1" 200 443 "-" "Mozilla/5.0 (Windows NT 10.0; Win64; x64) AppleWebKit/537.36 (KHTML, like Gecko) Code/1.121.0 Chrome/142.0.7444.265 Electron/39.8.8 Safari/537.36"
::1 - - [24/May/2026:11:07:18 +0000] "POST /api/upload HTTP/1.1" 200 398 "-" "curl/8.12.1"
::1 - - [24/May/2026:11:10:04 +0000] "POST /api/clean HTTP/1.1" 500 43 "-" "curl/8.12.1"
::1 - - [24/May/2026:11:10:33 +0000] "POST /api/clean HTTP/1.1" 500 43 "-" "curl/8.12.1"
::1 - - [24/May/2026:11:12:15 +0000] "POST /api/clean HTTP/1.1" 500 32 "-" "curl/8.12.1"
::1 - - [24/May/2026:11:13:00 +0000] "GET / HTTP/1.1" 200 18319 "-" "Mozilla/5.0 (Windows NT 10.0; Win64; x64) AppleWebKit/537.36 (KHTML, like Gecko) Code/1.121.0 Chrome/142.0.7444.265 Electron/39.8.8 Safari/537.36"
::1 - - [24/May/2026:11:13:00 +0000] "GET /styles.css?v=5 HTTP/1.1" 200 16707 "http://localhost:3000/" "Mozilla/5.0 (Windows NT 10.0; Win64; x64) AppleWebKit/537.36 (KHTML, like Gecko) Code/1.121.0 Chrome/142.0.7444.265 Electron/39.8.8 Safari/537.36"
::1 - - [24/May/2026:11:13:00 +0000] "GET /logo.svg HTTP/1.1" 200 766 "http://localhost:3000/" "Mozilla/5.0 (Windows NT 10.0; Win64; x64) AppleWebKit/537.36 (KHTML, like Gecko) Code/1.121.0 Chrome/142.0.7444.265 Electron/39.8.8 Safari/537.36"
::1 - - [24/May/2026:11:13:00 +0000] "GET /nature_sample.svg HTTP/1.1" 200 1388 "http://localhost:3000/" "Mozilla/5.0 (Windows NT 10.0; Win64; x64) AppleWebKit/537.36 (KHTML, like Gecko) Code/1.121.0 Chrome/142.0.7444.265 Electron/39.8.8 Safari/537.36"
::1 - - [24/May/2026:11:13:00 +0000] "GET /assets/security_shield.svg HTTP/1.1" 200 512 "http://localhost:3000/" "Mozilla/5.0 (Windows NT 10.0; Win64; x64) AppleWebKit/537.36 (KHTML, like Gecko) Code/1.121.0 Chrome/142.0.7444.265 Electron/39.8.8 Safari/537.36"
::1 - - [24/May/2026:11:13:00 +0000] "GET /assets/lock_camera.svg HTTP/1.1" 200 353 "http://localhost:3000/" "Mozilla/5.0 (Windows NT 10.0; Win64; x64) AppleWebKit/537.36 (KHTML, like Gecko) Code/1.121.0 Chrome/142.0.7444.265 Electron/39.8.8 Safari/537.36"
::1 - - [24/May/2026:11:13:00 +0000] "GET /script.js?v=4 HTTP/1.1" 200 22867 "http://localhost:3000/" "Mozilla/5.0 (Windows NT 10.0; Win64; x64) AppleWebKit/537.36 (KHTML, like Gecko) Code/1.121.0 Chrome/142.0.7444.265 Electron/39.8.8 Safari/537.36"
::1 - - [24/May/2026:11:13:01 +0000] "GET /api/tips HTTP/1.1" 200 678 "http://localhost:3000/" "Mozilla/5.0 (Windows NT 10.0; Win64; x64) AppleWebKit/537.36 (KHTML, like Gecko) Code/1.121.0 Chrome/142.0.7444.265 Electron/39.8.8 Safari/537.36"
::1 - - [24/May/2026:11:13:01 +0000] "GET /api/history HTTP/1.1" 200 1454 "http://localhost:3000/" "Mozilla/5.0 (Windows NT 10.0; Win64; x64) AppleWebKit/537.36 (KHTML, like Gecko) Code/1.121.0 Chrome/142.0.7444.265 Electron/39.8.8 Safari/537.36"
::1 - - [24/May/2026:11:13:01 +0000] "GET /favicon.ico HTTP/1.1" 200 18319 "-" "Mozilla/5.0 (Windows NT 10.0; Win64; x64) AppleWebKit/537.36 (KHTML, like Gecko) Code/1.121.0 Chrome/142.0.7444.265 Electron/39.8.8 Safari/537.36"
::1 - - [24/May/2026:11:13:12 +0000] "GET / HTTP/1.1" 200 18319 "-" "Mozilla/5.0 (Windows NT 10.0; Win64; x64) AppleWebKit/537.36 (KHTML, like Gecko) Chrome/143.0.0.0 Safari/537.36 Edg/143.0.0.0"
::1 - - [24/May/2026:11:13:12 +0000] "GET /logo.svg HTTP/1.1" 304 - "http://localhost:3000/" "Mozilla/5.0 (Windows NT 10.0; Win64; x64) AppleWebKit/537.36 (KHTML, like Gecko) Chrome/143.0.0.0 Safari/537.36 Edg/143.0.0.0"
::1 - - [24/May/2026:11:13:12 +0000] "GET /nature_sample.svg HTTP/1.1" 304 - "http://localhost:3000/" "Mozilla/5.0 (Windows NT 10.0; Win64; x64) AppleWebKit/537.36 (KHTML, like Gecko) Chrome/143.0.0.0 Safari/537.36 Edg/143.0.0.0"
::1 - - [24/May/2026:11:13:12 +0000] "GET /styles.css?v=5 HTTP/1.1" 200 16707 "http://localhost:3000/" "Mozilla/5.0 (Windows NT 10.0; Win64; x64) AppleWebKit/537.36 (KHTML, like Gecko) Chrome/143.0.0.0 Safari/537.36 Edg/143.0.0.0"
::1 - - [24/May/2026:11:13:12 +0000] "GET /assets/security_shield.svg HTTP/1.1" 200 512 "http://localhost:3000/" "Mozilla/5.0 (Windows NT 10.0; Win64; x64) AppleWebKit/537.36 (KHTML, like Gecko) Chrome/143.0.0.0 Safari/537.36 Edg/143.0.0.0"
::1 - - [24/May/2026:11:13:12 +0000] "GET /assets/lock_camera.svg HTTP/1.1" 200 353 "http://localhost:3000/" "Mozilla/5.0 (Windows NT 10.0; Win64; x64) AppleWebKit/537.36 (KHTML, like Gecko) Chrome/143.0.0.0 Safari/537.36 Edg/143.0.0.0"
::1 - - [24/May/2026:11:13:12 +0000] "GET /script.js?v=4 HTTP/1.1" 200 22867 "http://localhost:3000/" "Mozilla/5.0 (Windows NT 10.0; Win64; x64) AppleWebKit/537.36 (KHTML, like Gecko) Chrome/143.0.0.0 Safari/537.36 Edg/143.0.0.0"
::1 - - [24/May/2026:11:13:13 +0000] "GET /api/tips HTTP/1.1" 304 - "http://localhost:3000/" "Mozilla/5.0 (Windows NT 10.0; Win64; x64) AppleWebKit/537.36 (KHTML, like Gecko) Chrome/143.0.0.0 Safari/537.36 Edg/143.0.0.0"
::1 - - [24/May/2026:11:13:13 +0000] "GET /api/history HTTP/1.1" 200 1454 "http://localhost:3000/" "Mozilla/5.0 (Windows NT 10.0; Win64; x64) AppleWebKit/537.36 (KHTML, like Gecko) Chrome/143.0.0.0 Safari/537.36 Edg/143.0.0.0"
::1 - - [24/May/2026:11:13:13 +0000] "GET /favicon.ico HTTP/1.1" 200 18319 "http://localhost:3000/" "Mozilla/5.0 (Windows NT 10.0; Win64; x64) AppleWebKit/537.36 (KHTML, like Gecko) Chrome/143.0.0.0 Safari/537.36 Edg/143.0.0.0"
::1 - - [24/May/2026:11:15:08 +0000] "POST /api/upload HTTP/1.1" 200 321 "http://localhost:3000/" "Mozilla/5.0 (Windows NT 10.0; Win64; x64) AppleWebKit/537.36 (KHTML, like Gecko) Code/1.121.0 Chrome/142.0.7444.265 Electron/39.8.8 Safari/537.36"
::1 - - [24/May/2026:11:15:08 +0000] "POST /api/clean HTTP/1.1" 500 32 "http://localhost:3000/" "Mozilla/5.0 (Windows NT 10.0; Win64; x64) AppleWebKit/537.36 (KHTML, like Gecko) Code/1.121.0 Chrome/142.0.7444.265 Electron/39.8.8 Safari/537.36"
::1 - - [24/May/2026:11:16:30 +0000] "GET / HTTP/1.1" 200 19078 "-" "Mozilla/5.0 (Windows NT 10.0; Win64; x64) AppleWebKit/537.36 (KHTML, like Gecko) Code/1.121.0 Chrome/142.0.7444.265 Electron/39.8.8 Safari/537.36"
::1 - - [24/May/2026:11:16:30 +0000] "GET /logo.svg HTTP/1.1" 304 - "http://localhost:3000/" "Mozilla/5.0 (Windows NT 10.0; Win64; x64) AppleWebKit/537.36 (KHTML, like Gecko) Code/1.121.0 Chrome/142.0.7444.265 Electron/39.8.8 Safari/537.36"
::1 - - [24/May/2026:11:16:30 +0000] "GET /styles.css?v=5 HTTP/1.1" 200 16950 "http://localhost:3000/" "Mozilla/5.0 (Windows NT 10.0; Win64; x64) AppleWebKit/537.36 (KHTML, like Gecko) Code/1.121.0 Chrome/142.0.7444.265 Electron/39.8.8 Safari/537.36"
::1 - - [24/May/2026:11:16:30 +0000] "GET /nature_sample.svg HTTP/1.1" 304 - "http://localhost:3000/" "Mozilla/5.0 (Windows NT 10.0; Win64; x64) AppleWebKit/537.36 (KHTML, like Gecko) Code/1.121.0 Chrome/142.0.7444.265 Electron/39.8.8 Safari/537.36"
::1 - - [24/May/2026:11:16:30 +0000] "GET /assets/tip_location.svg HTTP/1.1" 200 312 "http://localhost:3000/" "Mozilla/5.0 (Windows NT 10.0; Win64; x64) AppleWebKit/537.36 (KHTML, like Gecko) Code/1.121.0 Chrome/142.0.7444.265 Electron/39.8.8 Safari/537.36"
::1 - - [24/May/2026:11:16:30 +0000] "GET /assets/tip_device.svg HTTP/1.1" 200 284 "http://localhost:3000/" "Mozilla/5.0 (Windows NT 10.0; Win64; x64) AppleWebKit/537.36 (KHTML, like Gecko) Code/1.121.0 Chrome/142.0.7444.265 Electron/39.8.8 Safari/537.36"
::1 - - [24/May/2026:11:16:30 +0000] "GET /assets/tip_history.svg HTTP/1.1" 200 375 "http://localhost:3000/" "Mozilla/5.0 (Windows NT 10.0; Win64; x64) AppleWebKit/537.36 (KHTML, like Gecko) Code/1.121.0 Chrome/142.0.7444.265 Electron/39.8.8 Safari/537.36"
::1 - - [24/May/2026:11:16:30 +0000] "GET /script.js?v=4 HTTP/1.1" 304 - "http://localhost:3000/" "Mozilla/5.0 (Windows NT 10.0; Win64; x64) AppleWebKit/537.36 (KHTML, like Gecko) Code/1.121.0 Chrome/142.0.7444.265 Electron/39.8.8 Safari/537.36"
::1 - - [24/May/2026:11:16:30 +0000] "GET /assets/tip_blur.svg HTTP/1.1" 200 331 "http://localhost:3000/" "Mozilla/5.0 (Windows NT 10.0; Win64; x64) AppleWebKit/537.36 (KHTML, like Gecko) Code/1.121.0 Chrome/142.0.7444.265 Electron/39.8.8 Safari/537.36"
::1 - - [24/May/2026:11:16:30 +0000] "GET /assets/tip_video.svg HTTP/1.1" 200 293 "http://localhost:3000/" "Mozilla/5.0 (Windows NT 10.0; Win64; x64) AppleWebKit/537.36 (KHTML, like Gecko) Code/1.121.0 Chrome/142.0.7444.265 Electron/39.8.8 Safari/537.36"
::1 - - [24/May/2026:11:16:30 +0000] "GET /assets/tip_local.svg HTTP/1.1" 200 296 "http://localhost:3000/" "Mozilla/5.0 (Windows NT 10.0; Win64; x64) AppleWebKit/537.36 (KHTML, like Gecko) Code/1.121.0 Chrome/142.0.7444.265 Electron/39.8.8 Safari/537.36"
::1 - - [24/May/2026:11:16:30 +0000] "GET /assets/security_shield.svg HTTP/1.1" 304 - "http://localhost:3000/" "Mozilla/5.0 (Windows NT 10.0; Win64; x64) AppleWebKit/537.36 (KHTML, like Gecko) Code/1.121.0 Chrome/142.0.7444.265 Electron/39.8.8 Safari/537.36"
::1 - - [24/May/2026:11:16:30 +0000] "GET /assets/lock_camera.svg HTTP/1.1" 304 - "http://localhost:3000/" "Mozilla/5.0 (Windows NT 10.0; Win64; x64) AppleWebKit/537.36 (KHTML, like Gecko) Code/1.121.0 Chrome/142.0.7444.265 Electron/39.8.8 Safari/537.36"
::1 - - [24/May/2026:11:16:30 +0000] "GET /api/tips HTTP/1.1" 304 - "http://localhost:3000/" "Mozilla/5.0 (Windows NT 10.0; Win64; x64) AppleWebKit/537.36 (KHTML, like Gecko) Code/1.121.0 Chrome/142.0.7444.265 Electron/39.8.8 Safari/537.36"
::1 - - [24/May/2026:11:16:30 +0000] "GET /api/history HTTP/1.1" 200 1412 "http://localhost:3000/" "Mozilla/5.0 (Windows NT 10.0; Win64; x64) AppleWebKit/537.36 (KHTML, like Gecko) Code/1.121.0 Chrome/142.0.7444.265 Electron/39.8.8 Safari/537.36"
::1 - - [24/May/2026:11:20:28 +0000] "GET / HTTP/1.1" 200 19078 "-" "Mozilla/5.0 (Windows NT 10.0; Win64; x64) AppleWebKit/537.36 (KHTML, like Gecko) Code/1.121.0 Chrome/142.0.7444.265 Electron/39.8.8 Safari/537.36"
::1 - - [24/May/2026:11:20:28 +0000] "GET /logo.svg HTTP/1.1" 304 - "http://localhost:3000/" "Mozilla/5.0 (Windows NT 10.0; Win64; x64) AppleWebKit/537.36 (KHTML, like Gecko) Code/1.121.0 Chrome/142.0.7444.265 Electron/39.8.8 Safari/537.36"
::1 - - [24/May/2026:11:20:28 +0000] "GET /nature_sample.svg HTTP/1.1" 304 - "http://localhost:3000/" "Mozilla/5.0 (Windows NT 10.0; Win64; x64) AppleWebKit/537.36 (KHTML, like Gecko) Code/1.121.0 Chrome/142.0.7444.265 Electron/39.8.8 Safari/537.36"
::1 - - [24/May/2026:11:20:28 +0000] "GET /styles.css?v=5 HTTP/1.1" 200 16950 "http://localhost:3000/" "Mozilla/5.0 (Windows NT 10.0; Win64; x64) AppleWebKit/537.36 (KHTML, like Gecko) Code/1.121.0 Chrome/142.0.7444.265 Electron/39.8.8 Safari/537.36"
::1 - - [24/May/2026:11:20:28 +0000] "GET /assets/tip_location.svg HTTP/1.1" 304 - "http://localhost:3000/" "Mozilla/5.0 (Windows NT 10.0; Win64; x64) AppleWebKit/537.36 (KHTML, like Gecko) Code/1.121.0 Chrome/142.0.7444.265 Electron/39.8.8 Safari/537.36"
::1 - - [24/May/2026:11:20:28 +0000] "GET /assets/tip_device.svg HTTP/1.1" 304 - "http://localhost:3000/" "Mozilla/5.0 (Windows NT 10.0; Win64; x64) AppleWebKit/537.36 (KHTML, like Gecko) Code/1.121.0 Chrome/142.0.7444.265 Electron/39.8.8 Safari/537.36"
::1 - - [24/May/2026:11:20:28 +0000] "GET /assets/tip_history.svg HTTP/1.1" 304 - "http://localhost:3000/" "Mozilla/5.0 (Windows NT 10.0; Win64; x64) AppleWebKit/537.36 (KHTML, like Gecko) Code/1.121.0 Chrome/142.0.7444.265 Electron/39.8.8 Safari/537.36"
::1 - - [24/May/2026:11:20:28 +0000] "GET /script.js?v=4 HTTP/1.1" 304 - "http://localhost:3000/" "Mozilla/5.0 (Windows NT 10.0; Win64; x64) AppleWebKit/537.36 (KHTML, like Gecko) Code/1.121.0 Chrome/142.0.7444.265 Electron/39.8.8 Safari/537.36"
::1 - - [24/May/2026:11:20:28 +0000] "GET /assets/tip_blur.svg HTTP/1.1" 304 - "http://localhost:3000/" "Mozilla/5.0 (Windows NT 10.0; Win64; x64) AppleWebKit/537.36 (KHTML, like Gecko) Code/1.121.0 Chrome/142.0.7444.265 Electron/39.8.8 Safari/537.36"
::1 - - [24/May/2026:11:20:28 +0000] "GET /assets/tip_video.svg HTTP/1.1" 304 - "http://localhost:3000/" "Mozilla/5.0 (Windows NT 10.0; Win64; x64) AppleWebKit/537.36 (KHTML, like Gecko) Code/1.121.0 Chrome/142.0.7444.265 Electron/39.8.8 Safari/537.36"
::1 - - [24/May/2026:11:20:28 +0000] "GET /assets/tip_local.svg HTTP/1.1" 304 - "http://localhost:3000/" "Mozilla/5.0 (Windows NT 10.0; Win64; x64) AppleWebKit/537.36 (KHTML, like Gecko) Code/1.121.0 Chrome/142.0.7444.265 Electron/39.8.8 Safari/537.36"
::1 - - [24/May/2026:11:20:28 +0000] "GET /assets/security_shield.svg HTTP/1.1" 304 - "http://localhost:3000/" "Mozilla/5.0 (Windows NT 10.0; Win64; x64) AppleWebKit/537.36 (KHTML, like Gecko) Code/1.121.0 Chrome/142.0.7444.265 Electron/39.8.8 Safari/537.36"
::1 - - [24/May/2026:11:20:28 +0000] "GET /assets/lock_camera.svg HTTP/1.1" 304 - "http://localhost:3000/" "Mozilla/5.0 (Windows NT 10.0; Win64; x64) AppleWebKit/537.36 (KHTML, like Gecko) Code/1.121.0 Chrome/142.0.7444.265 Electron/39.8.8 Safari/537.36"
::1 - - [24/May/2026:11:20:28 +0000] "GET /api/tips HTTP/1.1" 304 - "http://localhost:3000/" "Mozilla/5.0 (Windows NT 10.0; Win64; x64) AppleWebKit/537.36 (KHTML, like Gecko) Code/1.121.0 Chrome/142.0.7444.265 Electron/39.8.8 Safari/537.36"
::1 - - [24/May/2026:11:20:28 +0000] "GET /api/history HTTP/1.1" 304 - "http://localhost:3000/" "Mozilla/5.0 (Windows NT 10.0; Win64; x64) AppleWebKit/537.36 (KHTML, like Gecko) Code/1.121.0 Chrome/142.0.7444.265 Electron/39.8.8 Safari/537.36"
::1 - - [24/May/2026:11:20:32 +0000] "POST /api/upload HTTP/1.1" 200 321 "http://localhost:3000/" "Mozilla/5.0 (Windows NT 10.0; Win64; x64) AppleWebKit/537.36 (KHTML, like Gecko) Code/1.121.0 Chrome/142.0.7444.265 Electron/39.8.8 Safari/537.36"
::1 - - [24/May/2026:11:20:33 +0000] "POST /api/clean HTTP/1.1" 200 647 "http://localhost:3000/" "Mozilla/5.0 (Windows NT 10.0; Win64; x64) AppleWebKit/537.36 (KHTML, like Gecko) Code/1.121.0 Chrome/142.0.7444.265 Electron/39.8.8 Safari/537.36"
::1 - - [24/May/2026:11:21:23 +0000] "POST /api/clean HTTP/1.1" 200 647 "-" "curl/8.12.1"
::1 - - [24/May/2026:11:22:35 +0000] "GET /api/tips HTTP/1.1" 304 - "-" "Mozilla/5.0 (Windows NT 10.0; Win64; x64) AppleWebKit/537.36 (KHTML, like Gecko) Code/1.121.0 Chrome/142.0.7444.265 Electron/39.8.8 Safari/537.36"
::1 - - [24/May/2026:11:22:35 +0000] "GET /api/history HTTP/1.1" 200 1369 "-" "Mozilla/5.0 (Windows NT 10.0; Win64; x64) AppleWebKit/537.36 (KHTML, like Gecko) Code/1.121.0 Chrome/142.0.7444.265 Electron/39.8.8 Safari/537.36"
::1 - - [24/May/2026:11:22:53 +0000] "GET / HTTP/1.1" 200 19203 "-" "Mozilla/5.0 (Windows NT 10.0; Win64; x64) AppleWebKit/537.36 (KHTML, like Gecko) Code/1.121.0 Chrome/142.0.7444.265 Electron/39.8.8 Safari/537.36"
::1 - - [24/May/2026:11:22:53 +0000] "GET /styles.css?v=5 HTTP/1.1" 200 16950 "http://localhost:3000/" "Mozilla/5.0 (Windows NT 10.0; Win64; x64) AppleWebKit/537.36 (KHTML, like Gecko) Code/1.121.0 Chrome/142.0.7444.265 Electron/39.8.8 Safari/537.36"
::1 - - [24/May/2026:11:22:53 +0000] "GET /logo.svg HTTP/1.1" 304 - "http://localhost:3000/" "Mozilla/5.0 (Windows NT 10.0; Win64; x64) AppleWebKit/537.36 (KHTML, like Gecko) Code/1.121.0 Chrome/142.0.7444.265 Electron/39.8.8 Safari/537.36"
::1 - - [24/May/2026:11:22:53 +0000] "GET /nature_sample.svg HTTP/1.1" 304 - "http://localhost:3000/" "Mozilla/5.0 (Windows NT 10.0; Win64; x64) AppleWebKit/537.36 (KHTML, like Gecko) Code/1.121.0 Chrome/142.0.7444.265 Electron/39.8.8 Safari/537.36"
::1 - - [24/May/2026:11:22:54 +0000] "GET /assets/tip_location.svg HTTP/1.1" 200 312 "http://localhost:3000/" "Mozilla/5.0 (Windows NT 10.0; Win64; x64) AppleWebKit/537.36 (KHTML, like Gecko) Code/1.121.0 Chrome/142.0.7444.265 Electron/39.8.8 Safari/537.36"
::1 - - [24/May/2026:11:22:54 +0000] "GET /assets/tip_device.svg HTTP/1.1" 200 284 "http://localhost:3000/" "Mozilla/5.0 (Windows NT 10.0; Win64; x64) AppleWebKit/537.36 (KHTML, like Gecko) Code/1.121.0 Chrome/142.0.7444.265 Electron/39.8.8 Safari/537.36"
::1 - - [24/May/2026:11:22:54 +0000] "GET /assets/tip_history.svg HTTP/1.1" 200 375 "http://localhost:3000/" "Mozilla/5.0 (Windows NT 10.0; Win64; x64) AppleWebKit/537.36 (KHTML, like Gecko) Code/1.121.0 Chrome/142.0.7444.265 Electron/39.8.8 Safari/537.36"
::1 - - [24/May/2026:11:22:54 +0000] "GET /script.js?v=4 HTTP/1.1" 200 22867 "http://localhost:3000/" "Mozilla/5.0 (Windows NT 10.0; Win64; x64) AppleWebKit/537.36 (KHTML, like Gecko) Code/1.121.0 Chrome/142.0.7444.265 Electron/39.8.8 Safari/537.36"
::1 - - [24/May/2026:11:22:54 +0000] "GET /assets/tip_blur.svg HTTP/1.1" 200 331 "http://localhost:3000/" "Mozilla/5.0 (Windows NT 10.0; Win64; x64) AppleWebKit/537.36 (KHTML, like Gecko) Code/1.121.0 Chrome/142.0.7444.265 Electron/39.8.8 Safari/537.36"
::1 - - [24/May/2026:11:22:54 +0000] "GET /assets/security_shield.svg HTTP/1.1" 304 - "http://localhost:3000/" "Mozilla/5.0 (Windows NT 10.0; Win64; x64) AppleWebKit/537.36 (KHTML, like Gecko) Code/1.121.0 Chrome/142.0.7444.265 Electron/39.8.8 Safari/537.36"
::1 - - [24/May/2026:11:22:54 +0000] "GET /assets/lock_camera.svg HTTP/1.1" 304 - "http://localhost:3000/" "Mozilla/5.0 (Windows NT 10.0; Win64; x64) AppleWebKit/537.36 (KHTML, like Gecko) Code/1.121.0 Chrome/142.0.7444.265 Electron/39.8.8 Safari/537.36"
::1 - - [24/May/2026:11:22:54 +0000] "GET /assets/tip_video.svg HTTP/1.1" 200 293 "http://localhost:3000/" "Mozilla/5.0 (Windows NT 10.0; Win64; x64) AppleWebKit/537.36 (KHTML, like Gecko) Code/1.121.0 Chrome/142.0.7444.265 Electron/39.8.8 Safari/537.36"
::1 - - [24/May/2026:11:22:54 +0000] "GET /assets/tip_local.svg HTTP/1.1" 200 296 "http://localhost:3000/" "Mozilla/5.0 (Windows NT 10.0; Win64; x64) AppleWebKit/537.36 (KHTML, like Gecko) Code/1.121.0 Chrome/142.0.7444.265 Electron/39.8.8 Safari/537.36"
::1 - - [24/May/2026:11:22:54 +0000] "GET /api/tips HTTP/1.1" 304 - "http://localhost:3000/" "Mozilla/5.0 (Windows NT 10.0; Win64; x64) AppleWebKit/537.36 (KHTML, like Gecko) Code/1.121.0 Chrome/142.0.7444.265 Electron/39.8.8 Safari/537.36"
::1 - - [24/May/2026:11:22:54 +0000] "GET /api/history HTTP/1.1" 304 - "http://localhost:3000/" "Mozilla/5.0 (Windows NT 10.0; Win64; x64) AppleWebKit/537.36 (KHTML, like Gecko) Code/1.121.0 Chrome/142.0.7444.265 Electron/39.8.8 Safari/537.36"
::1 - - [24/May/2026:11:25:23 +0000] "GET / HTTP/1.1" 200 18739 "-" "Mozilla/5.0 (Windows NT 10.0; Win64; x64) AppleWebKit/537.36 (KHTML, like Gecko) Code/1.121.0 Chrome/142.0.7444.265 Electron/39.8.8 Safari/537.36"
::1 - - [24/May/2026:11:25:23 +0000] "GET /styles.css?v=5 HTTP/1.1" 304 - "http://localhost:3000/" "Mozilla/5.0 (Windows NT 10.0; Win64; x64) AppleWebKit/537.36 (KHTML, like Gecko) Code/1.121.0 Chrome/142.0.7444.265 Electron/39.8.8 Safari/537.36"
::1 - - [24/May/2026:11:25:23 +0000] "GET /logo.svg HTTP/1.1" 304 - "http://localhost:3000/" "Mozilla/5.0 (Windows NT 10.0; Win64; x64) AppleWebKit/537.36 (KHTML, like Gecko) Code/1.121.0 Chrome/142.0.7444.265 Electron/39.8.8 Safari/537.36"
::1 - - [24/May/2026:11:25:23 +0000] "GET /nature_sample.svg HTTP/1.1" 304 - "http://localhost:3000/" "Mozilla/5.0 (Windows NT 10.0; Win64; x64) AppleWebKit/537.36 (KHTML, like Gecko) Code/1.121.0 Chrome/142.0.7444.265 Electron/39.8.8 Safari/537.36"
::1 - - [24/May/2026:11:25:23 +0000] "GET /assets/tip_location.svg HTTP/1.1" 304 - "http://localhost:3000/" "Mozilla/5.0 (Windows NT 10.0; Win64; x64) AppleWebKit/537.36 (KHTML, like Gecko) Code/1.121.0 Chrome/142.0.7444.265 Electron/39.8.8 Safari/537.36"
::1 - - [24/May/2026:11:25:23 +0000] "GET /assets/tip_device.svg HTTP/1.1" 304 - "http://localhost:3000/" "Mozilla/5.0 (Windows NT 10.0; Win64; x64) AppleWebKit/537.36 (KHTML, like Gecko) Code/1.121.0 Chrome/142.0.7444.265 Electron/39.8.8 Safari/537.36"
::1 - - [24/May/2026:11:25:23 +0000] "GET /assets/tip_history.svg HTTP/1.1" 304 - "http://localhost:3000/" "Mozilla/5.0 (Windows NT 10.0; Win64; x64) AppleWebKit/537.36 (KHTML, like Gecko) Code/1.121.0 Chrome/142.0.7444.265 Electron/39.8.8 Safari/537.36"
::1 - - [24/May/2026:11:25:23 +0000] "GET /script.js?v=4 HTTP/1.1" 200 21860 "http://localhost:3000/" "Mozilla/5.0 (Windows NT 10.0; Win64; x64) AppleWebKit/537.36 (KHTML, like Gecko) Code/1.121.0 Chrome/142.0.7444.265 Electron/39.8.8 Safari/537.36"
::1 - - [24/May/2026:11:25:23 +0000] "GET /assets/tip_blur.svg HTTP/1.1" 304 - "http://localhost:3000/" "Mozilla/5.0 (Windows NT 10.0; Win64; x64) AppleWebKit/537.36 (KHTML, like Gecko) Code/1.121.0 Chrome/142.0.7444.265 Electron/39.8.8 Safari/537.36"
::1 - - [24/May/2026:11:25:23 +0000] "GET /assets/tip_video.svg HTTP/1.1" 304 - "http://localhost:3000/" "Mozilla/5.0 (Windows NT 10.0; Win64; x64) AppleWebKit/537.36 (KHTML, like Gecko) Code/1.121.0 Chrome/142.0.7444.265 Electron/39.8.8 Safari/537.36"
::1 - - [24/May/2026:11:25:23 +0000] "GET /assets/lock_camera.svg HTTP/1.1" 304 - "http://localhost:3000/" "Mozilla/5.0 (Windows NT 10.0; Win64; x64) AppleWebKit/537.36 (KHTML, like Gecko) Code/1.121.0 Chrome/142.0.7444.265 Electron/39.8.8 Safari/537.36"
::1 - - [24/May/2026:11:25:23 +0000] "GET /assets/tip_local.svg HTTP/1.1" 304 - "http://localhost:3000/" "Mozilla/5.0 (Windows NT 10.0; Win64; x64) AppleWebKit/537.36 (KHTML, like Gecko) Code/1.121.0 Chrome/142.0.7444.265 Electron/39.8.8 Safari/537.36"
::1 - - [24/May/2026:11:25:23 +0000] "GET /assets/security_shield.svg HTTP/1.1" 304 - "http://localhost:3000/" "Mozilla/5.0 (Windows NT 10.0; Win64; x64) AppleWebKit/537.36 (KHTML, like Gecko) Code/1.121.0 Chrome/142.0.7444.265 Electron/39.8.8 Safari/537.36"
::1 - - [24/May/2026:11:25:23 +0000] "GET /api/tips HTTP/1.1" 304 - "http://localhost:3000/" "Mozilla/5.0 (Windows NT 10.0; Win64; x64) AppleWebKit/537.36 (KHTML, like Gecko) Code/1.121.0 Chrome/142.0.7444.265 Electron/39.8.8 Safari/537.36"
::1 - - [24/May/2026:11:25:23 +0000] "GET /api/history HTTP/1.1" 200 1369 "http://localhost:3000/" "Mozilla/5.0 (Windows NT 10.0; Win64; x64) AppleWebKit/537.36 (KHTML, like Gecko) Code/1.121.0 Chrome/142.0.7444.265 Electron/39.8.8 Safari/537.36"
::1 - - [24/May/2026:11:27:46 +0000] "GET / HTTP/1.1" 200 19310 "-" "Mozilla/5.0 (Windows NT 10.0; Win64; x64) AppleWebKit/537.36 (KHTML, like Gecko) Code/1.121.0 Chrome/142.0.7444.265 Electron/39.8.8 Safari/537.36"
::1 - - [24/May/2026:11:27:46 +0000] "GET /styles.css?v=5 HTTP/1.1" 200 17421 "http://localhost:3000/" "Mozilla/5.0 (Windows NT 10.0; Win64; x64) AppleWebKit/537.36 (KHTML, like Gecko) Code/1.121.0 Chrome/142.0.7444.265 Electron/39.8.8 Safari/537.36"
::1 - - [24/May/2026:11:27:46 +0000] "GET /logo.svg HTTP/1.1" 304 - "http://localhost:3000/" "Mozilla/5.0 (Windows NT 10.0; Win64; x64) AppleWebKit/537.36 (KHTML, like Gecko) Code/1.121.0 Chrome/142.0.7444.265 Electron/39.8.8 Safari/537.36"
::1 - - [24/May/2026:11:27:46 +0000] "GET /nature_sample.svg HTTP/1.1" 304 - "http://localhost:3000/" "Mozilla/5.0 (Windows NT 10.0; Win64; x64) AppleWebKit/537.36 (KHTML, like Gecko) Code/1.121.0 Chrome/142.0.7444.265 Electron/39.8.8 Safari/537.36"
::1 - - [24/May/2026:11:27:46 +0000] "GET /assets/tip_location.svg HTTP/1.1" 304 - "http://localhost:3000/" "Mozilla/5.0 (Windows NT 10.0; Win64; x64) AppleWebKit/537.36 (KHTML, like Gecko) Code/1.121.0 Chrome/142.0.7444.265 Electron/39.8.8 Safari/537.36"
::1 - - [24/May/2026:11:27:47 +0000] "GET /assets/tip_device.svg HTTP/1.1" 304 - "http://localhost:3000/" "Mozilla/5.0 (Windows NT 10.0; Win64; x64) AppleWebKit/537.36 (KHTML, like Gecko) Code/1.121.0 Chrome/142.0.7444.265 Electron/39.8.8 Safari/537.36"
::1 - - [24/May/2026:11:27:47 +0000] "GET /assets/tip_history.svg HTTP/1.1" 304 - "http://localhost:3000/" "Mozilla/5.0 (Windows NT 10.0; Win64; x64) AppleWebKit/537.36 (KHTML, like Gecko) Code/1.121.0 Chrome/142.0.7444.265 Electron/39.8.8 Safari/537.36"
::1 - - [24/May/2026:11:27:47 +0000] "GET /script.js?v=4 HTTP/1.1" 200 23362 "http://localhost:3000/" "Mozilla/5.0 (Windows NT 10.0; Win64; x64) AppleWebKit/537.36 (KHTML, like Gecko) Code/1.121.0 Chrome/142.0.7444.265 Electron/39.8.8 Safari/537.36"
::1 - - [24/May/2026:11:27:47 +0000] "GET /assets/tip_blur.svg HTTP/1.1" 304 - "http://localhost:3000/" "Mozilla/5.0 (Windows NT 10.0; Win64; x64) AppleWebKit/537.36 (KHTML, like Gecko) Code/1.121.0 Chrome/142.0.7444.265 Electron/39.8.8 Safari/537.36"
::1 - - [24/May/2026:11:27:47 +0000] "GET /assets/tip_video.svg HTTP/1.1" 304 - "http://localhost:3000/" "Mozilla/5.0 (Windows NT 10.0; Win64; x64) AppleWebKit/537.36 (KHTML, like Gecko) Code/1.121.0 Chrome/142.0.7444.265 Electron/39.8.8 Safari/537.36"
::1 - - [24/May/2026:11:27:47 +0000] "GET /assets/tip_local.svg HTTP/1.1" 304 - "http://localhost:3000/" "Mozilla/5.0 (Windows NT 10.0; Win64; x64) AppleWebKit/537.36 (KHTML, like Gecko) Code/1.121.0 Chrome/142.0.7444.265 Electron/39.8.8 Safari/537.36"
::1 - - [24/May/2026:11:27:47 +0000] "GET /assets/security_shield.svg HTTP/1.1" 304 - "http://localhost:3000/" "Mozilla/5.0 (Windows NT 10.0; Win64; x64) AppleWebKit/537.36 (KHTML, like Gecko) Code/1.121.0 Chrome/142.0.7444.265 Electron/39.8.8 Safari/537.36"
::1 - - [24/May/2026:11:27:47 +0000] "GET /assets/lock_camera.svg HTTP/1.1" 304 - "http://localhost:3000/" "Mozilla/5.0 (Windows NT 10.0; Win64; x64) AppleWebKit/537.36 (KHTML, like Gecko) Code/1.121.0 Chrome/142.0.7444.265 Electron/39.8.8 Safari/537.36"
::1 - - [24/May/2026:11:27:47 +0000] "GET /api/tips HTTP/1.1" 304 - "http://localhost:3000/" "Mozilla/5.0 (Windows NT 10.0; Win64; x64) AppleWebKit/537.36 (KHTML, like Gecko) Code/1.121.0 Chrome/142.0.7444.265 Electron/39.8.8 Safari/537.36"
::1 - - [24/May/2026:11:27:47 +0000] "GET /api/history HTTP/1.1" 304 - "http://localhost:3000/" "Mozilla/5.0 (Windows NT 10.0; Win64; x64) AppleWebKit/537.36 (KHTML, like Gecko) Code/1.121.0 Chrome/142.0.7444.265 Electron/39.8.8 Safari/537.36"
::1 - - [24/May/2026:11:27:47 +0000] "GET /api/tips HTTP/1.1" 304 - "http://localhost:3000/" "Mozilla/5.0 (Windows NT 10.0; Win64; x64) AppleWebKit/537.36 (KHTML, like Gecko) Code/1.121.0 Chrome/142.0.7444.265 Electron/39.8.8 Safari/537.36"
::1 - - [25/May/2026:08:27:10 +0000] "GET /api/tips HTTP/1.1" 304 - "-" "Mozilla/5.0 (Windows NT 10.0; Win64; x64) AppleWebKit/537.36 (KHTML, like Gecko) Code/1.121.0 Chrome/142.0.7444.265 Electron/39.8.8 Safari/537.36"
::1 - - [25/May/2026:08:27:10 +0000] "GET /api/tips HTTP/1.1" 304 - "-" "Mozilla/5.0 (Windows NT 10.0; Win64; x64) AppleWebKit/537.36 (KHTML, like Gecko) Code/1.121.0 Chrome/142.0.7444.265 Electron/39.8.8 Safari/537.36"
::1 - - [25/May/2026:08:27:10 +0000] "GET /api/history HTTP/1.1" 304 - "-" "Mozilla/5.0 (Windows NT 10.0; Win64; x64) AppleWebKit/537.36 (KHTML, like Gecko) Code/1.121.0 Chrome/142.0.7444.265 Electron/39.8.8 Safari/537.36"
::1 - - [25/May/2026:08:27:10 +0000] "GET /api/tips HTTP/1.1" 304 - "-" "Mozilla/5.0 (Windows NT 10.0; Win64; x64) AppleWebKit/537.36 (KHTML, like Gecko) Code/1.121.0 Chrome/142.0.7444.265 Electron/39.8.8 Safari/537.36"
::1 - - [25/May/2026:08:27:27 +0000] "POST /api/upload HTTP/1.1" 200 431 "-" "Mozilla/5.0 (Windows NT 10.0; Win64; x64) AppleWebKit/537.36 (KHTML, like Gecko) Code/1.121.0 Chrome/142.0.7444.265 Electron/39.8.8 Safari/537.36"
::1 - - [25/May/2026:08:27:36 +0000] "POST /api/clean HTTP/1.1" 200 219688 "-" "Mozilla/5.0 (Windows NT 10.0; Win64; x64) AppleWebKit/537.36 (KHTML, like Gecko) Code/1.121.0 Chrome/142.0.7444.265 Electron/39.8.8 Safari/537.36"
::1 - - [25/May/2026:08:27:54 +0000] "POST /api/upload HTTP/1.1" 200 429 "-" "Mozilla/5.0 (Windows NT 10.0; Win64; x64) AppleWebKit/537.36 (KHTML, like Gecko) Code/1.121.0 Chrome/142.0.7444.265 Electron/39.8.8 Safari/537.36"
::1 - - [25/May/2026:08:27:59 +0000] "POST /api/clean HTTP/1.1" 200 7304769 "-" "Mozilla/5.0 (Windows NT 10.0; Win64; x64) AppleWebKit/537.36 (KHTML, like Gecko) Code/1.121.0 Chrome/142.0.7444.265 Electron/39.8.8 Safari/537.36"
